📄 LOG FILE CREATED: runs/experiment_2026-01-06_23-31-37.log
============================================================
🚀 STARTING BATCH EXPERIMENT (N=1 Topics)
============================================================

############################################################
📌 TOPIC 1: Did Napoleon Bonaparte have a height significantly below the average Frenchman of his time?
############################################################

--- 🗣️ DEBATE CONTENT ---
**Alice**: Alright, class, let's clarify this misconception about Napoleon's height. Historical records indicate that he was about 5 feet 6 inches tall. This was actually around average height for a Frenchman in the early 19th century, which was about 5 feet 5 inches.

**Bob**: But come on, Alice! Everyone knows Napoleon was a short guy. He even had that complex! I mean, it’s common sense. If he was so average, why do we all think of him as being short?

**Charlie**: Actually, Bob, that’s a classic case of the “Napoleon complex,” which is more about perception than reality. In fact, it’s been shown that many people misinterpret historical figures' heights due to outdated measurements. According to a 2007 study I found, discrepancies arise from how we compare modern heights to historical ones.

**Dave**: I think it’s all part of a bigger conspiracy! The historians want us to believe he was average so that we forget how much of a giant he was in terms of his military strategies. They twist the facts! I mean, who even trusts historical data anyway?

**Eve**: Dave, while I appreciate your enthusiasm, let's stick to the numbers. The average height of French men in Napoleon's time was approximately 168 cm, or about 5 feet 6 inches. I can show you the Python code I used to calculate the average heights from various historical records if you're interested.

**Frank**: And remember, there was also a cultural context. Soldiers of that era were often taller due to better nutrition. Napoleon’s height might have been perceived differently because he was a military leader. His stature in society was larger than life, so people focus more on his accomplishments than his physical height.

**Alice**: Exactly, Frank! Plus, the confusion often stems from the fact that the British used inches that were slightly different from the metric system at the time, which led to the idea that he was shorter than he really was.

**Bob**: Still, why would people keep saying he was short if it wasn’t true? It just feels like something people believe for a reason. There’s gotta be something there! 

**Charlie**: Bob, that's confirmation bias at work. People remember the narrative of Napoleon as short, which is reinforced by cartoons and literature. If you look at actual data, like the 1815 measurements from the British army, it shows he was indeed about 5 feet 6 inches.

**Dave**: But historical records can be altered! Maybe they were trying to make him seem less threatening. There’s no way to know for sure without questioning all the sources!

**Eve**: That’s a slippery slope, Dave. If we're going to question the records, we need a solid basis for our skepticism, not just conjecture. Historical documents are often cross-referenced. I can run a simulation to show how height averages have changed over the decades if that helps.

**Frank**: And let’s not forget that perceptions of height can vary culturally. In the early 1800s, military leaders were often idealized. Napoleon, though of average height, was portrayed as short to diminish his authority by his enemies.

**Bob**: But if everyone thinks he was short, doesn’t that mean something? I mean, people don’t just believe things for no reason!

**Charlie**: Beliefs can often be based on myths or stereotypes. The reality is that historical data, when properly analyzed, shows that Napoleon was not significantly shorter than his contemporaries. We have to differentiate between perception and fact.

**Alice**: Right, and it’s crucial to rely on data. Misunderstandings can lead to widespread misconceptions, like the idea that Napoleon was unusually short. The facts simply don’t support that narrative.

**Grace**: Maybe we can agree that perceptions can be misleading, and while Napoleon might have been average in height, the way he's remembered in popular culture has skewed that image. Let’s just say it's a mix of truth and myth!
-------------------------


🔍 Establishing Ground Truth (Oracle Mode)...
VERIFIED_TRUE

👉 Running Method: MAD
   🏁 Result: Accuracy=0.82 | Cost=$0.00

👉 Running Method: Random
Calculated Average Height: 168.60 cm
Final Result: VERIFIED_TRUE
   🏁 Result: Accuracy=1.00 | Cost=$27.00

👉 Running Method: CRITIC
