📄 LOG FILE CREATED: runs/experiment_2026-01-07_00-20-18.log
============================================================
🚀 STARTING BATCH EXPERIMENT (N=10 Topics)
============================================================

############################################################
📌 TOPIC 1: Does the Great Wall of China appear visible to the naked eye from the Moon?
############################################################

--- 🗣️ DEBATE CONTENT ---
**Scene: A university logic classroom, filled with students eager to discuss the visibility of the Great Wall of China from the Moon. The atmosphere is charged as Alice, Bob, Charlie, Dave, Eve, Frank, and Grace take their positions.**

---

**Alice:** Alright everyone, let's settle this once and for all. The claim that the Great Wall of China is visible from the Moon is a myth. Based on the data, the Wall is about 30 feet wide at its widest point and is often obscured by the surrounding landscape. According to NASA, the human eye can only distinguish objects about 1/8 of a mile wide from low Earth orbit, which is significantly less than the Wall's visibility.

**Bob:** But Alice, I mean, come on! Everyone knows that if you just look hard enough, you can see it! My uncle once went to space and said he saw it. It’s just common sense that something that big should be visible from the Moon!

**Charlie:** Actually, Bob, your uncle's claim is anecdotal and doesn't hold up against scientific scrutiny. Multiple studies show that astronauts have confirmed they cannot see the Wall from the Moon. A 2005 CNN article reported that even from low Earth orbit, it’s difficult to spot the Wall without aid. 

**Dave:** You know, I read somewhere that the government has been hiding the truth about the Great Wall. They don’t want us to know how visible it really is. Think about it! They’ve been lying about space travel for decades! Who knows what’s really up there!

**Eve:** Hold on, everyone. Let’s look at the numbers. The average distance from the Earth to the Moon is about 238,855 miles. The Great Wall isn't just wide; it's also camouflaged by trees, buildings, and terrain. Using Python to simulate visibility, we could run calculations to show that the Wall's width, even when combined with the right atmospheric conditions, wouldn’t make it visible from that distance.

**Frank:** Historically, the Great Wall has been a marvel, but it’s important to recognize that the myths surrounding its visibility have been around since at least the 19th century. Authors like Jules Verne perpetuated this idea, but no credible historical evidence supports it. 

**Grace:** I see points on both sides. Maybe we can say that while the Wall is a significant structure, visibility from the Moon could be subjective. Some astronauts might say they saw it, while others disagree. So, it’s not entirely false, right? 

**Alice:** Grace, while I appreciate your attempt to find common ground, the facts are clear. Visibility is not subjective when it comes to scientific measurements. The human eye has limitations, and we have concrete evidence from astronauts who have been there.

**Bob:** But what if the astronauts were just trying to be humble? Maybe they didn’t want to draw too much attention to themselves. It feels like a cover-up, you know?

**Charlie:** That’s a classic example of confirmation bias, Bob. Just because you want to believe it doesn’t make it true. In fact, in 2015, a survey of astronauts revealed that none claimed to see the Wall from the Moon, and many found the idea laughable. 

**Dave:** You’re all missing the bigger picture! What if the Wall is just a part of a larger structure that we can’t see? I mean, there are ancient alien theories that suggest it serves a purpose we don’t even understand!

**Eve:** Let's stick to data. Using Python, I can show that at 238,855 miles, the resolution needed to see the Wall would require a telescope, not just the naked eye. It would be like trying to spot a human hair from a distance of a mile—it’s simply not feasible.

**Frank:** The legends surrounding the Great Wall are fascinating, but they have no basis in historical fact. It was built primarily for defense, not visibility. The visibility claim seems to have originated as a sort of national pride rather than a documentary observation.

**Grace:** Maybe we could propose that while the Wall isn’t visible from the Moon, we can appreciate its grandeur from other perspectives. It’s still an impressive feat of engineering, even if it doesn’t meet the visibility criteria.

---

**End of Scene** 

**Reflection:** The dialogue highlights the clash between logical reasoning and emotional beliefs, showcasing how misconceptions and cognitive biases can shape perceptions of facts. The reader is invited to analyze which arguments stand on solid ground and which are based on flawed reasoning.
-------------------------


🔍 Establishing Ground Truth (Oracle Mode)...
      🕵️ [Check]: 'The claim that the Great Wall of China i...' via WEB_SEARCH
      🕵️ [Check]: 'Everyone knows that if you just look har...' via COMMON_SENSE
      🕵️ [Check]: 'Your uncle's claim is anecdotal and does...' via WEB_SEARCH
      🕵️ [Check]: 'I read somewhere that the government has...' via COMMON_SENSE
      🕵️ [Check]: 'The average distance from the Earth to t...' via PYTHON_EXEC
      🕵️ [Check]: 'Historically, the Great Wall has been a ...' via WEB_SEARCH
      🕵️ [Check]: 'Visibility from the Moon could be subjec...' via COMMON_SENSE
      🕵️ [Check]: 'Visibility is not subjective when it com...' via WEB_SEARCH
      🕵️ [Check]: 'What if the astronauts were just trying ...' via COMMON_SENSE
      🕵️ [Check]: 'That’s a classic example of confirmation...' via WEB_SEARCH
      🕵️ [Check]: 'What if the Wall is just a part of a lar...' via COMMON_SENSE
      🕵️ [Check]: 'Using Python, I can show that at 238,855...' via PYTHON_EXEC
      🕵️ [Check]: 'The visibility claim seems to have origi...' via WEB_SEARCH
      🕵️ [Check]: 'While the Wall isn’t visible from the Mo...' via COMMON_SENSE

👉 Running Method: MAD
   🏁 Result: Accuracy=0.70 | Cost=$0.00

👉 Running Method: Random
      🕵️ [Check]: 'That’s a classic example of confirmation...' via WEB_SEARCH
      🕵️ [Check]: 'Everyone knows that if you just look har...' via COMMON_SENSE
      🕵️ [Check]: 'The claim that the Great Wall of China i...' via WEB_SEARCH
      🕵️ [Check]: 'I read somewhere that the government has...' via COMMON_SENSE
      🕵️ [Check]: 'Visibility from the Moon could be subjec...' via COMMON_SENSE
      🕵️ [Check]: 'Historically, the Great Wall has been a ...' via WEB_SEARCH
      🕵️ [Check]: 'Visibility is not subjective when it com...' via WEB_SEARCH
      🕵️ [Check]: 'Your uncle's claim is anecdotal and does...' via WEB_SEARCH
   🏁 Result: Accuracy=0.70 | Cost=$28.00

👉 Running Method: CRITIC
      🕵️ [Check]: 'The claim that the Great Wall of China i...' via WEB_SEARCH
      🕵️ [Check]: 'That’s a classic example of confirmation...' via WEB_SEARCH
      🕵️ [Check]: 'What if the Wall is just a part of a lar...' via COMMON_SENSE
      🕵️ [Check]: 'Using Python, I can show that at 238,855...' via PYTHON_EXEC
